[dotenv@17.2.1] injecting env (0) from .env -- tip: 📡 version env with Radar: https://dotenvx.com/radar
==================================================
🚀 Server is running on port 5001
📡 API URL: http://localhost:5001
🌐 Frontend URL: http://localhost:3001
📝 Environment: development
==================================================
✅ Connected to PostgreSQL successfully
Completed running './src/main.js'. Waiting for file changes before restarting...
Restarting './src/main.js'
[dotenv@17.2.1] injecting env (0) from .env -- tip: ⚙️  override existing env vars with { override: true }
==================================================
🚀 Server is running on port 5001
📡 API URL: http://localhost:5001
🌐 Frontend URL: http://localhost:3001
📝 Environment: development
==================================================
✅ Connected to PostgreSQL successfully
Restarting './src/main.js'
[dotenv@17.2.1] injecting env (0) from .env -- tip: ⚙️  suppress all logs with { quiet: true }
==================================================
🚀 Server is running on port 5001
📡 API URL: http://localhost:5001
🌐 Frontend URL: http://localhost:3001
📝 Environment: development
==================================================
✅ Connected to PostgreSQL successfully
2026-07-15T18:26:42.237Z - GET /api/dashboard/notifications
Restarting './src/main.js'
[dotenv@17.2.1] injecting env (0) from .env -- tip: ⚙️  enable debug logging with { debug: true }
==================================================
🚀 Server is running on port 5001
📡 API URL: http://localhost:5001
🌐 Frontend URL: http://localhost:3001
📝 Environment: development
==================================================
✅ Connected to PostgreSQL successfully
Restarting './src/main.js'
[dotenv@17.2.1] injecting env (0) from .env -- tip: ⚙️  load multiple .env files with { path: ['.env.local', '.env'] }
==================================================
🚀 Server is running on port 5001
📡 API URL: http://localhost:5001
🌐 Frontend URL: http://localhost:3001
📝 Environment: development
==================================================
✅ Connected to PostgreSQL successfully
Restarting './src/main.js'
[dotenv@17.2.1] injecting env (0) from .env -- tip: 🔐 prevent committing .env to code: https://dotenvx.com/precommit
==================================================
🚀 Server is running on port 5001
📡 API URL: http://localhost:5001
🌐 Frontend URL: http://localhost:3001
📝 Environment: development
==================================================
✅ Connected to PostgreSQL successfully
Completed running './src/main.js'. Waiting for file changes before restarting...
Restarting './src/main.js'
Restarting './src/main.js'
[dotenv@17.2.1] injecting env (0) from .env -- tip: ⚙️  suppress all logs with { quiet: true }
==================================================
🚀 Server is running on port 5001
📡 API URL: http://localhost:5001
🌐 Frontend URL: http://localhost:3001
📝 Environment: development
==================================================
✅ Connected to PostgreSQL successfully
Restarting './src/main.js'
[dotenv@17.2.1] injecting env (0) from .env -- tip: ⚙️  load multiple .env files with { path: ['.env.local', '.env'] }
==================================================
🚀 Server is running on port 5001
📡 API URL: http://localhost:5001
🌐 Frontend URL: http://localhost:3001
📝 Environment: development
==================================================
✅ Connected to PostgreSQL successfully
Restarting './src/main.js'
[dotenv@17.2.1] injecting env (0) from .env -- tip: ⚙️  suppress all logs with { quiet: true }
==================================================
🚀 Server is running on port 5001
📡 API URL: http://localhost:5001
🌐 Frontend URL: http://localhost:3001
📝 Environment: development
==================================================
✅ Connected to PostgreSQL successfully
Restarting './src/main.js'
[dotenv@17.2.1] injecting env (0) from .env -- tip: ⚙️  write to custom object with { processEnv: myObject }
==================================================
🚀 Server is running on port 5001
📡 API URL: http://localhost:5001
🌐 Frontend URL: http://localhost:3001
📝 Environment: development
==================================================
✅ Connected to PostgreSQL successfully
Completed running './src/main.js'. Waiting for file changes before restarting...
Restarting './src/main.js'
[dotenv@17.2.1] injecting env (0) from .env -- tip: ⚙️  enable debug logging with { debug: true }
==================================================
🚀 Server is running on port 5001
📡 API URL: http://localhost:5001
🌐 Frontend URL: http://localhost:3001
📝 Environment: development
==================================================
✅ Connected to PostgreSQL successfully
Restarting './src/main.js'
Restarting './src/main.js'
[dotenv@17.2.1] injecting env (0) from .env -- tip: ⚙️  enable debug logging with { debug: true }
==================================================
🚀 Server is running on port 5001
📡 API URL: http://localhost:5001
🌐 Frontend URL: http://localhost:3001
📝 Environment: development
==================================================
✅ Connected to PostgreSQL successfully
Completed running './src/main.js'. Waiting for file changes before restarting...
